// Vitest Snapshot v1, https://vitest.dev/guide/snapshot.html

exports[`nav > renders properly 1`] = `
{
  "asFragment": [Function],
  "baseElement": <body>
    <div>
       
      <nav
        class="sc-bRKDuR eapIse"
      >
        <ul
          class="sc-hvigdm ZqINI"
        >
          <div>
            <li
              class="sc-fhHczv dwvuCB"
            >
              <a
                data-discover="true"
                href="/home"
              >
                Home
              </a>
            </li>
            <li
              class="sc-fhHczv dwvuCB"
            >
              <a
                data-discover="true"
                href="/shop"
              >
                Shop 
              </a>
            </li>
          </div>
          <li
            class="sc-fhHczv dwvuCB"
          >
            <div
              class="sc-ggWZvA bpLcjf"
            >
              <p
                data-testid="item-count"
              />
              <img
                alt="cart"
                src="data:image/svg+xml,%3c?xml%20version='1.0'%20encoding='utf-8'?%3e%3c!--%20Uploaded%20to:%20SVG%20Repo,%20www.svgrepo.com,%20Generator:%20SVG%20Repo%20Mixer%20Tools%20--%3e%3csvg%20fill%20=%20'white'%20width='800px'%20height='800px'%20viewBox='0%200%2024%2024'%20xmlns='http://www.w3.org/2000/svg'%3e%3cpath%20fill%20=%20'none'%20d='M6.29977%205H21L19%2012H7.37671M20%2016H8L6%203H3M9%2020C9%2020.5523%208.55228%2021%208%2021C7.44772%2021%207%2020.5523%207%2020C7%2019.4477%207.44772%2019%208%2019C8.55228%2019%209%2019.4477%209%2020ZM20%2020C20%2020.5523%2019.5523%2021%2019%2021C18.4477%2021%2018%2020.5523%2018%2020C18%2019.4477%2018.4477%2019%2019%2019C19.5523%2019%2020%2019.4477%2020%2020Z'%20stroke='white'%20stroke-width='2'%20stroke-linecap='round'%20stroke-linejoin='round'/%3e%3c/svg%3e"
              />
            </div>
          </li>
        </ul>
      </nav>
    </div>
  </body>,
  "container": <div>
     
    <nav
      class="sc-bRKDuR eapIse"
    >
      <ul
        class="sc-hvigdm ZqINI"
      >
        <div>
          <li
            class="sc-fhHczv dwvuCB"
          >
            <a
              data-discover="true"
              href="/home"
            >
              Home
            </a>
          </li>
          <li
            class="sc-fhHczv dwvuCB"
          >
            <a
              data-discover="true"
              href="/shop"
            >
              Shop 
            </a>
          </li>
        </div>
        <li
          class="sc-fhHczv dwvuCB"
        >
          <div
            class="sc-ggWZvA bpLcjf"
          >
            <p
              data-testid="item-count"
            />
            <img
              alt="cart"
              src="data:image/svg+xml,%3c?xml%20version='1.0'%20encoding='utf-8'?%3e%3c!--%20Uploaded%20to:%20SVG%20Repo,%20www.svgrepo.com,%20Generator:%20SVG%20Repo%20Mixer%20Tools%20--%3e%3csvg%20fill%20=%20'white'%20width='800px'%20height='800px'%20viewBox='0%200%2024%2024'%20xmlns='http://www.w3.org/2000/svg'%3e%3cpath%20fill%20=%20'none'%20d='M6.29977%205H21L19%2012H7.37671M20%2016H8L6%203H3M9%2020C9%2020.5523%208.55228%2021%208%2021C7.44772%2021%207%2020.5523%207%2020C7%2019.4477%207.44772%2019%208%2019C8.55228%2019%209%2019.4477%209%2020ZM20%2020C20%2020.5523%2019.5523%2021%2019%2021C18.4477%2021%2018%2020.5523%2018%2020C18%2019.4477%2018.4477%2019%2019%2019C19.5523%2019%2020%2019.4477%2020%2020Z'%20stroke='white'%20stroke-width='2'%20stroke-linecap='round'%20stroke-linejoin='round'/%3e%3c/svg%3e"
            />
          </div>
        </li>
      </ul>
    </nav>
  </div>,
  "debug": [Function],
  "findAllByAltText": [Function],
  "findAllByDisplayValue": [Function],
  "findAllByLabelText": [Function],
  "findAllByPlaceholderText": [Function],
  "findAllByRole": [Function],
  "findAllByTestId": [Function],
  "findAllByText": [Function],
  "findAllByTitle": [Function],
  "findByAltText": [Function],
  "findByDisplayValue": [Function],
  "findByLabelText": [Function],
  "findByPlaceholderText": [Function],
  "findByRole": [Function],
  "findByTestId": [Function],
  "findByText": [Function],
  "findByTitle": [Function],
  "getAllByAltText": [Function],
  "getAllByDisplayValue": [Function],
  "getAllByLabelText": [Function],
  "getAllByPlaceholderText": [Function],
  "getAllByRole": [Function],
  "getAllByTestId": [Function],
  "getAllByText": [Function],
  "getAllByTitle": [Function],
  "getByAltText": [Function],
  "getByDisplayValue": [Function],
  "getByLabelText": [Function],
  "getByPlaceholderText": [Function],
  "getByRole": [Function],
  "getByTestId": [Function],
  "getByText": [Function],
  "getByTitle": [Function],
  "queryAllByAltText": [Function],
  "queryAllByDisplayValue": [Function],
  "queryAllByLabelText": [Function],
  "queryAllByPlaceholderText": [Function],
  "queryAllByRole": [Function],
  "queryAllByTestId": [Function],
  "queryAllByText": [Function],
  "queryAllByTitle": [Function],
  "queryByAltText": [Function],
  "queryByDisplayValue": [Function],
  "queryByLabelText": [Function],
  "queryByPlaceholderText": [Function],
  "queryByRole": [Function],
  "queryByTestId": [Function],
  "queryByText": [Function],
  "queryByTitle": [Function],
  "rerender": [Function],
  "unmount": [Function],
}
`;
